2025-10-09 20:46:16 - INFO - [data_analysis.py:235 - run()] - ============================================================
2025-10-09 20:46:16 - INFO - [data_analysis.py:236 - run()] - Dataset Analysis for Project: UID001PJ001
2025-10-09 20:46:16 - INFO - [data_analysis.py:237 - run()] - ============================================================
2025-10-09 20:46:16 - INFO - [data_analysis.py:240 - run()] - Step 1: Fetching data from MongoDB...
2025-10-09 20:46:16 - INFO - [data_analysis.py:33 - fetch_data_from_mongodb()] - Connecting to MongoDB for project: UID001PJ001
2025-10-09 20:46:16 - INFO - [data_analysis.py:56 - fetch_data_from_mongodb()] - ✓ Fetched 9668 records from UID001PJ001_data
2025-10-09 20:46:16 - INFO - [data_analysis.py:244 - run()] - 
Step 2: Generating data summary...
2025-10-09 20:46:16 - INFO - [data_analysis.py:65 - get_data_summary()] - Generating data summary...
2025-10-09 20:46:16 - INFO - [data_analysis.py:116 - get_data_summary()] - ✓ Data summary generated
2025-10-09 20:46:16 - INFO - [data_analysis.py:248 - run()] - 
Step 3: Analyzing with LLM...
2025-10-09 20:46:16 - INFO - [data_analysis.py:122 - analyze_with_llm()] - Preparing data for LLM analysis...
2025-10-09 20:46:16 - INFO - [data_analysis.py:134 - analyze_with_llm()] - Calling LLM for dataset analysis...
2025-10-09 20:46:17 - ERROR - [data_analysis.py:160 - analyze_with_llm()] - Error analyzing with LLM: All LLM providers failed. Primary: 'data_analysis_prompt.jinja' not found in search path: 'D:\\projects\\PulseBoard\\backend\\ai_agents\\src\\pipelines\\..\\..\\..\\ai_agents\\prompts', Fallback: 'data_analysis_prompt.jinja' not found in search path: 'D:\\projects\\PulseBoard\\backend\\ai_agents\\src\\pipelines\\..\\..\\..\\ai_agents\\prompts'
Traceback (most recent call last):
  File "D:\projects\PulseBoard\backend\ai_agents\src\pipelines\../../..\helpers\llm\call_llm.py", line 52, in call_llm
    response = _call_llm_with_config(
               ^^^^^^^^^^^^^^^^^^^^^^
  File "D:\projects\PulseBoard\backend\ai_agents\src\pipelines\../../..\helpers\llm\call_llm.py", line 167, in _call_llm_with_config
    formatted_prompt = llm.get_prompt_template(
                       ^^^^^^^^^^^^^^^^^^^^^^^^
  File "D:\projects\PulseBoard\backend\ai_agents\src\pipelines\../../..\helpers\llm\llm_classes.py", line 83, in get_prompt_template
    user_tmpl = self.jinja_env.get_template(user_template)
                ^^^^^^^^^^^^^^^^^^^^^^^^^^^^^^^^^^^^^^^^^^
  File "C:\Users\AKHILESH\AppData\Local\Programs\Python\Python312\Lib\site-packages\jinja2\environment.py", line 1016, in get_template
    return self._load_template(name, globals)
           ^^^^^^^^^^^^^^^^^^^^^^^^^^^^^^^^^^
  File "C:\Users\AKHILESH\AppData\Local\Programs\Python\Python312\Lib\site-packages\jinja2\environment.py", line 975, in _load_template
    template = self.loader.load(self, name, self.make_globals(globals))
               ^^^^^^^^^^^^^^^^^^^^^^^^^^^^^^^^^^^^^^^^^^^^^^^^^^^^^^^^
  File "C:\Users\AKHILESH\AppData\Local\Programs\Python\Python312\Lib\site-packages\jinja2\loaders.py", line 126, in load
    source, filename, uptodate = self.get_source(environment, name)
                                 ^^^^^^^^^^^^^^^^^^^^^^^^^^^^^^^^^^
  File "C:\Users\AKHILESH\AppData\Local\Programs\Python\Python312\Lib\site-packages\jinja2\loaders.py", line 209, in get_source
    raise TemplateNotFound(
jinja2.exceptions.TemplateNotFound: 'data_analysis_prompt.jinja' not found in search path: 'D:\\projects\\PulseBoard\\backend\\ai_agents\\src\\pipelines\\..\\..\\..\\ai_agents\\prompts'

During handling of the above exception, another exception occurred:

Traceback (most recent call last):
  File "D:\projects\PulseBoard\backend\ai_agents\src\pipelines\../../..\helpers\llm\call_llm.py", line 77, in call_llm
    response = _call_llm_with_config(
               ^^^^^^^^^^^^^^^^^^^^^^
  File "D:\projects\PulseBoard\backend\ai_agents\src\pipelines\../../..\helpers\llm\call_llm.py", line 167, in _call_llm_with_config
    formatted_prompt = llm.get_prompt_template(
                       ^^^^^^^^^^^^^^^^^^^^^^^^
  File "D:\projects\PulseBoard\backend\ai_agents\src\pipelines\../../..\helpers\llm\llm_classes.py", line 83, in get_prompt_template
    user_tmpl = self.jinja_env.get_template(user_template)
                ^^^^^^^^^^^^^^^^^^^^^^^^^^^^^^^^^^^^^^^^^^
  File "C:\Users\AKHILESH\AppData\Local\Programs\Python\Python312\Lib\site-packages\jinja2\environment.py", line 1016, in get_template
    return self._load_template(name, globals)
           ^^^^^^^^^^^^^^^^^^^^^^^^^^^^^^^^^^
  File "C:\Users\AKHILESH\AppData\Local\Programs\Python\Python312\Lib\site-packages\jinja2\environment.py", line 975, in _load_template
    template = self.loader.load(self, name, self.make_globals(globals))
               ^^^^^^^^^^^^^^^^^^^^^^^^^^^^^^^^^^^^^^^^^^^^^^^^^^^^^^^^
  File "C:\Users\AKHILESH\AppData\Local\Programs\Python\Python312\Lib\site-packages\jinja2\loaders.py", line 126, in load
    source, filename, uptodate = self.get_source(environment, name)
                                 ^^^^^^^^^^^^^^^^^^^^^^^^^^^^^^^^^^
  File "C:\Users\AKHILESH\AppData\Local\Programs\Python\Python312\Lib\site-packages\jinja2\loaders.py", line 209, in get_source
    raise TemplateNotFound(
jinja2.exceptions.TemplateNotFound: 'data_analysis_prompt.jinja' not found in search path: 'D:\\projects\\PulseBoard\\backend\\ai_agents\\src\\pipelines\\..\\..\\..\\ai_agents\\prompts'

During handling of the above exception, another exception occurred:

Traceback (most recent call last):
  File "D:\projects\PulseBoard\backend\ai_agents\src\pipelines\data_analysis.py", line 137, in analyze_with_llm
    response = call_llm(
               ^^^^^^^^^
  File "D:\projects\PulseBoard\backend\ai_agents\src\pipelines\../../..\helpers\llm\call_llm.py", line 99, in call_llm
    raise Exception(
Exception: All LLM providers failed. Primary: 'data_analysis_prompt.jinja' not found in search path: 'D:\\projects\\PulseBoard\\backend\\ai_agents\\src\\pipelines\\..\\..\\..\\ai_agents\\prompts', Fallback: 'data_analysis_prompt.jinja' not found in search path: 'D:\\projects\\PulseBoard\\backend\\ai_agents\\src\\pipelines\\..\\..\\..\\ai_agents\\prompts'
2025-10-09 20:46:17 - ERROR - [data_analysis.py:262 - run()] - Error during analysis: All LLM providers failed. Primary: 'data_analysis_prompt.jinja' not found in search path: 'D:\\projects\\PulseBoard\\backend\\ai_agents\\src\\pipelines\\..\\..\\..\\ai_agents\\prompts', Fallback: 'data_analysis_prompt.jinja' not found in search path: 'D:\\projects\\PulseBoard\\backend\\ai_agents\\src\\pipelines\\..\\..\\..\\ai_agents\\prompts'
Traceback (most recent call last):
  File "D:\projects\PulseBoard\backend\ai_agents\src\pipelines\../../..\helpers\llm\call_llm.py", line 52, in call_llm
    response = _call_llm_with_config(
               ^^^^^^^^^^^^^^^^^^^^^^
  File "D:\projects\PulseBoard\backend\ai_agents\src\pipelines\../../..\helpers\llm\call_llm.py", line 167, in _call_llm_with_config
    formatted_prompt = llm.get_prompt_template(
                       ^^^^^^^^^^^^^^^^^^^^^^^^
  File "D:\projects\PulseBoard\backend\ai_agents\src\pipelines\../../..\helpers\llm\llm_classes.py", line 83, in get_prompt_template
    user_tmpl = self.jinja_env.get_template(user_template)
                ^^^^^^^^^^^^^^^^^^^^^^^^^^^^^^^^^^^^^^^^^^
  File "C:\Users\AKHILESH\AppData\Local\Programs\Python\Python312\Lib\site-packages\jinja2\environment.py", line 1016, in get_template
    return self._load_template(name, globals)
           ^^^^^^^^^^^^^^^^^^^^^^^^^^^^^^^^^^
  File "C:\Users\AKHILESH\AppData\Local\Programs\Python\Python312\Lib\site-packages\jinja2\environment.py", line 975, in _load_template
    template = self.loader.load(self, name, self.make_globals(globals))
               ^^^^^^^^^^^^^^^^^^^^^^^^^^^^^^^^^^^^^^^^^^^^^^^^^^^^^^^^
  File "C:\Users\AKHILESH\AppData\Local\Programs\Python\Python312\Lib\site-packages\jinja2\loaders.py", line 126, in load
    source, filename, uptodate = self.get_source(environment, name)
                                 ^^^^^^^^^^^^^^^^^^^^^^^^^^^^^^^^^^
  File "C:\Users\AKHILESH\AppData\Local\Programs\Python\Python312\Lib\site-packages\jinja2\loaders.py", line 209, in get_source
    raise TemplateNotFound(
jinja2.exceptions.TemplateNotFound: 'data_analysis_prompt.jinja' not found in search path: 'D:\\projects\\PulseBoard\\backend\\ai_agents\\src\\pipelines\\..\\..\\..\\ai_agents\\prompts'

During handling of the above exception, another exception occurred:

Traceback (most recent call last):
  File "D:\projects\PulseBoard\backend\ai_agents\src\pipelines\../../..\helpers\llm\call_llm.py", line 77, in call_llm
    response = _call_llm_with_config(
               ^^^^^^^^^^^^^^^^^^^^^^
  File "D:\projects\PulseBoard\backend\ai_agents\src\pipelines\../../..\helpers\llm\call_llm.py", line 167, in _call_llm_with_config
    formatted_prompt = llm.get_prompt_template(
                       ^^^^^^^^^^^^^^^^^^^^^^^^
  File "D:\projects\PulseBoard\backend\ai_agents\src\pipelines\../../..\helpers\llm\llm_classes.py", line 83, in get_prompt_template
    user_tmpl = self.jinja_env.get_template(user_template)
                ^^^^^^^^^^^^^^^^^^^^^^^^^^^^^^^^^^^^^^^^^^
  File "C:\Users\AKHILESH\AppData\Local\Programs\Python\Python312\Lib\site-packages\jinja2\environment.py", line 1016, in get_template
    return self._load_template(name, globals)
           ^^^^^^^^^^^^^^^^^^^^^^^^^^^^^^^^^^
  File "C:\Users\AKHILESH\AppData\Local\Programs\Python\Python312\Lib\site-packages\jinja2\environment.py", line 975, in _load_template
    template = self.loader.load(self, name, self.make_globals(globals))
               ^^^^^^^^^^^^^^^^^^^^^^^^^^^^^^^^^^^^^^^^^^^^^^^^^^^^^^^^
  File "C:\Users\AKHILESH\AppData\Local\Programs\Python\Python312\Lib\site-packages\jinja2\loaders.py", line 126, in load
    source, filename, uptodate = self.get_source(environment, name)
                                 ^^^^^^^^^^^^^^^^^^^^^^^^^^^^^^^^^^
  File "C:\Users\AKHILESH\AppData\Local\Programs\Python\Python312\Lib\site-packages\jinja2\loaders.py", line 209, in get_source
    raise TemplateNotFound(
jinja2.exceptions.TemplateNotFound: 'data_analysis_prompt.jinja' not found in search path: 'D:\\projects\\PulseBoard\\backend\\ai_agents\\src\\pipelines\\..\\..\\..\\ai_agents\\prompts'

During handling of the above exception, another exception occurred:

Traceback (most recent call last):
  File "D:\projects\PulseBoard\backend\ai_agents\src\pipelines\data_analysis.py", line 249, in run
    results = self.analyze_with_llm(data_summary)
              ^^^^^^^^^^^^^^^^^^^^^^^^^^^^^^^^^^^
  File "D:\projects\PulseBoard\backend\ai_agents\src\pipelines\data_analysis.py", line 137, in analyze_with_llm
    response = call_llm(
               ^^^^^^^^^
  File "D:\projects\PulseBoard\backend\ai_agents\src\pipelines\../../..\helpers\llm\call_llm.py", line 99, in call_llm
    raise Exception(
Exception: All LLM providers failed. Primary: 'data_analysis_prompt.jinja' not found in search path: 'D:\\projects\\PulseBoard\\backend\\ai_agents\\src\\pipelines\\..\\..\\..\\ai_agents\\prompts', Fallback: 'data_analysis_prompt.jinja' not found in search path: 'D:\\projects\\PulseBoard\\backend\\ai_agents\\src\\pipelines\\..\\..\\..\\ai_agents\\prompts'
2025-10-09 20:46:17 - INFO - [data_analysis.py:230 - cleanup()] - MongoDB connection closed
2025-10-09 20:46:17 - ERROR - [data_analysis.py:285 - main()] - ❌ Analysis failed: All LLM providers failed. Primary: 'data_analysis_prompt.jinja' not found in search path: 'D:\\projects\\PulseBoard\\backend\\ai_agents\\src\\pipelines\\..\\..\\..\\ai_agents\\prompts', Fallback: 'data_analysis_prompt.jinja' not found in search path: 'D:\\projects\\PulseBoard\\backend\\ai_agents\\src\\pipelines\\..\\..\\..\\ai_agents\\prompts'
2025-10-09 20:46:52 - INFO - [data_analysis.py:235 - run()] - ============================================================
2025-10-09 20:46:52 - INFO - [data_analysis.py:236 - run()] - Dataset Analysis for Project: UID001PJ001
2025-10-09 20:46:52 - INFO - [data_analysis.py:237 - run()] - ============================================================
2025-10-09 20:46:52 - INFO - [data_analysis.py:240 - run()] - Step 1: Fetching data from MongoDB...
2025-10-09 20:46:52 - INFO - [data_analysis.py:33 - fetch_data_from_mongodb()] - Connecting to MongoDB for project: UID001PJ001
2025-10-09 20:46:52 - INFO - [data_analysis.py:56 - fetch_data_from_mongodb()] - ✓ Fetched 9668 records from UID001PJ001_data
2025-10-09 20:46:52 - INFO - [data_analysis.py:244 - run()] - 
Step 2: Generating data summary...
2025-10-09 20:46:52 - INFO - [data_analysis.py:65 - get_data_summary()] - Generating data summary...
2025-10-09 20:46:52 - INFO - [data_analysis.py:116 - get_data_summary()] - ✓ Data summary generated
2025-10-09 20:46:52 - INFO - [data_analysis.py:248 - run()] - 
Step 3: Analyzing with LLM...
2025-10-09 20:46:52 - INFO - [data_analysis.py:122 - analyze_with_llm()] - Preparing data for LLM analysis...
2025-10-09 20:46:52 - INFO - [data_analysis.py:134 - analyze_with_llm()] - Calling LLM for dataset analysis...
2025-10-09 20:46:53 - ERROR - [data_analysis.py:160 - analyze_with_llm()] - Error analyzing with LLM: All LLM providers failed. Primary: 'data_analysis_prompt.jinja' not found in search path: 'D:\\projects\\PulseBoard\\backend\\ai_agents\\src\\pipelines\\..\\..\\..\\ai_agents\\prompts', Fallback: 'data_analysis_prompt.jinja' not found in search path: 'D:\\projects\\PulseBoard\\backend\\ai_agents\\src\\pipelines\\..\\..\\..\\ai_agents\\prompts'
Traceback (most recent call last):
  File "D:\projects\PulseBoard\backend\ai_agents\src\pipelines\../../..\helpers\llm\call_llm.py", line 52, in call_llm
    response = _call_llm_with_config(
               ^^^^^^^^^^^^^^^^^^^^^^
  File "D:\projects\PulseBoard\backend\ai_agents\src\pipelines\../../..\helpers\llm\call_llm.py", line 167, in _call_llm_with_config
    formatted_prompt = llm.get_prompt_template(
                       ^^^^^^^^^^^^^^^^^^^^^^^^
  File "D:\projects\PulseBoard\backend\ai_agents\src\pipelines\../../..\helpers\llm\llm_classes.py", line 83, in get_prompt_template
    user_tmpl = self.jinja_env.get_template(user_template)
                ^^^^^^^^^^^^^^^^^^^^^^^^^^^^^^^^^^^^^^^^^^
  File "C:\Users\AKHILESH\AppData\Local\Programs\Python\Python312\Lib\site-packages\jinja2\environment.py", line 1016, in get_template
    return self._load_template(name, globals)
           ^^^^^^^^^^^^^^^^^^^^^^^^^^^^^^^^^^
  File "C:\Users\AKHILESH\AppData\Local\Programs\Python\Python312\Lib\site-packages\jinja2\environment.py", line 975, in _load_template
    template = self.loader.load(self, name, self.make_globals(globals))
               ^^^^^^^^^^^^^^^^^^^^^^^^^^^^^^^^^^^^^^^^^^^^^^^^^^^^^^^^
  File "C:\Users\AKHILESH\AppData\Local\Programs\Python\Python312\Lib\site-packages\jinja2\loaders.py", line 126, in load
    source, filename, uptodate = self.get_source(environment, name)
                                 ^^^^^^^^^^^^^^^^^^^^^^^^^^^^^^^^^^
  File "C:\Users\AKHILESH\AppData\Local\Programs\Python\Python312\Lib\site-packages\jinja2\loaders.py", line 209, in get_source
    raise TemplateNotFound(
jinja2.exceptions.TemplateNotFound: 'data_analysis_prompt.jinja' not found in search path: 'D:\\projects\\PulseBoard\\backend\\ai_agents\\src\\pipelines\\..\\..\\..\\ai_agents\\prompts'

During handling of the above exception, another exception occurred:

Traceback (most recent call last):
  File "D:\projects\PulseBoard\backend\ai_agents\src\pipelines\../../..\helpers\llm\call_llm.py", line 77, in call_llm
    response = _call_llm_with_config(
               ^^^^^^^^^^^^^^^^^^^^^^
  File "D:\projects\PulseBoard\backend\ai_agents\src\pipelines\../../..\helpers\llm\call_llm.py", line 167, in _call_llm_with_config
    formatted_prompt = llm.get_prompt_template(
                       ^^^^^^^^^^^^^^^^^^^^^^^^
  File "D:\projects\PulseBoard\backend\ai_agents\src\pipelines\../../..\helpers\llm\llm_classes.py", line 83, in get_prompt_template
    user_tmpl = self.jinja_env.get_template(user_template)
                ^^^^^^^^^^^^^^^^^^^^^^^^^^^^^^^^^^^^^^^^^^
  File "C:\Users\AKHILESH\AppData\Local\Programs\Python\Python312\Lib\site-packages\jinja2\environment.py", line 1016, in get_template
    return self._load_template(name, globals)
           ^^^^^^^^^^^^^^^^^^^^^^^^^^^^^^^^^^
  File "C:\Users\AKHILESH\AppData\Local\Programs\Python\Python312\Lib\site-packages\jinja2\environment.py", line 975, in _load_template
    template = self.loader.load(self, name, self.make_globals(globals))
               ^^^^^^^^^^^^^^^^^^^^^^^^^^^^^^^^^^^^^^^^^^^^^^^^^^^^^^^^
  File "C:\Users\AKHILESH\AppData\Local\Programs\Python\Python312\Lib\site-packages\jinja2\loaders.py", line 126, in load
    source, filename, uptodate = self.get_source(environment, name)
                                 ^^^^^^^^^^^^^^^^^^^^^^^^^^^^^^^^^^
  File "C:\Users\AKHILESH\AppData\Local\Programs\Python\Python312\Lib\site-packages\jinja2\loaders.py", line 209, in get_source
    raise TemplateNotFound(
jinja2.exceptions.TemplateNotFound: 'data_analysis_prompt.jinja' not found in search path: 'D:\\projects\\PulseBoard\\backend\\ai_agents\\src\\pipelines\\..\\..\\..\\ai_agents\\prompts'

During handling of the above exception, another exception occurred:

Traceback (most recent call last):
  File "D:\projects\PulseBoard\backend\ai_agents\src\pipelines\data_analysis.py", line 137, in analyze_with_llm
    response = call_llm(
               ^^^^^^^^^
  File "D:\projects\PulseBoard\backend\ai_agents\src\pipelines\../../..\helpers\llm\call_llm.py", line 99, in call_llm
    raise Exception(
Exception: All LLM providers failed. Primary: 'data_analysis_prompt.jinja' not found in search path: 'D:\\projects\\PulseBoard\\backend\\ai_agents\\src\\pipelines\\..\\..\\..\\ai_agents\\prompts', Fallback: 'data_analysis_prompt.jinja' not found in search path: 'D:\\projects\\PulseBoard\\backend\\ai_agents\\src\\pipelines\\..\\..\\..\\ai_agents\\prompts'
2025-10-09 20:46:53 - ERROR - [data_analysis.py:262 - run()] - Error during analysis: All LLM providers failed. Primary: 'data_analysis_prompt.jinja' not found in search path: 'D:\\projects\\PulseBoard\\backend\\ai_agents\\src\\pipelines\\..\\..\\..\\ai_agents\\prompts', Fallback: 'data_analysis_prompt.jinja' not found in search path: 'D:\\projects\\PulseBoard\\backend\\ai_agents\\src\\pipelines\\..\\..\\..\\ai_agents\\prompts'
Traceback (most recent call last):
  File "D:\projects\PulseBoard\backend\ai_agents\src\pipelines\../../..\helpers\llm\call_llm.py", line 52, in call_llm
    response = _call_llm_with_config(
               ^^^^^^^^^^^^^^^^^^^^^^
  File "D:\projects\PulseBoard\backend\ai_agents\src\pipelines\../../..\helpers\llm\call_llm.py", line 167, in _call_llm_with_config
    formatted_prompt = llm.get_prompt_template(
                       ^^^^^^^^^^^^^^^^^^^^^^^^
  File "D:\projects\PulseBoard\backend\ai_agents\src\pipelines\../../..\helpers\llm\llm_classes.py", line 83, in get_prompt_template
    user_tmpl = self.jinja_env.get_template(user_template)
                ^^^^^^^^^^^^^^^^^^^^^^^^^^^^^^^^^^^^^^^^^^
  File "C:\Users\AKHILESH\AppData\Local\Programs\Python\Python312\Lib\site-packages\jinja2\environment.py", line 1016, in get_template
    return self._load_template(name, globals)
           ^^^^^^^^^^^^^^^^^^^^^^^^^^^^^^^^^^
  File "C:\Users\AKHILESH\AppData\Local\Programs\Python\Python312\Lib\site-packages\jinja2\environment.py", line 975, in _load_template
    template = self.loader.load(self, name, self.make_globals(globals))
               ^^^^^^^^^^^^^^^^^^^^^^^^^^^^^^^^^^^^^^^^^^^^^^^^^^^^^^^^
  File "C:\Users\AKHILESH\AppData\Local\Programs\Python\Python312\Lib\site-packages\jinja2\loaders.py", line 126, in load
    source, filename, uptodate = self.get_source(environment, name)
                                 ^^^^^^^^^^^^^^^^^^^^^^^^^^^^^^^^^^
  File "C:\Users\AKHILESH\AppData\Local\Programs\Python\Python312\Lib\site-packages\jinja2\loaders.py", line 209, in get_source
    raise TemplateNotFound(
jinja2.exceptions.TemplateNotFound: 'data_analysis_prompt.jinja' not found in search path: 'D:\\projects\\PulseBoard\\backend\\ai_agents\\src\\pipelines\\..\\..\\..\\ai_agents\\prompts'

During handling of the above exception, another exception occurred:

Traceback (most recent call last):
  File "D:\projects\PulseBoard\backend\ai_agents\src\pipelines\../../..\helpers\llm\call_llm.py", line 77, in call_llm
    response = _call_llm_with_config(
               ^^^^^^^^^^^^^^^^^^^^^^
  File "D:\projects\PulseBoard\backend\ai_agents\src\pipelines\../../..\helpers\llm\call_llm.py", line 167, in _call_llm_with_config
    formatted_prompt = llm.get_prompt_template(
                       ^^^^^^^^^^^^^^^^^^^^^^^^
  File "D:\projects\PulseBoard\backend\ai_agents\src\pipelines\../../..\helpers\llm\llm_classes.py", line 83, in get_prompt_template
    user_tmpl = self.jinja_env.get_template(user_template)
                ^^^^^^^^^^^^^^^^^^^^^^^^^^^^^^^^^^^^^^^^^^
  File "C:\Users\AKHILESH\AppData\Local\Programs\Python\Python312\Lib\site-packages\jinja2\environment.py", line 1016, in get_template
    return self._load_template(name, globals)
           ^^^^^^^^^^^^^^^^^^^^^^^^^^^^^^^^^^
  File "C:\Users\AKHILESH\AppData\Local\Programs\Python\Python312\Lib\site-packages\jinja2\environment.py", line 975, in _load_template
    template = self.loader.load(self, name, self.make_globals(globals))
               ^^^^^^^^^^^^^^^^^^^^^^^^^^^^^^^^^^^^^^^^^^^^^^^^^^^^^^^^
  File "C:\Users\AKHILESH\AppData\Local\Programs\Python\Python312\Lib\site-packages\jinja2\loaders.py", line 126, in load
    source, filename, uptodate = self.get_source(environment, name)
                                 ^^^^^^^^^^^^^^^^^^^^^^^^^^^^^^^^^^
  File "C:\Users\AKHILESH\AppData\Local\Programs\Python\Python312\Lib\site-packages\jinja2\loaders.py", line 209, in get_source
    raise TemplateNotFound(
jinja2.exceptions.TemplateNotFound: 'data_analysis_prompt.jinja' not found in search path: 'D:\\projects\\PulseBoard\\backend\\ai_agents\\src\\pipelines\\..\\..\\..\\ai_agents\\prompts'

During handling of the above exception, another exception occurred:

Traceback (most recent call last):
  File "D:\projects\PulseBoard\backend\ai_agents\src\pipelines\data_analysis.py", line 249, in run
    results = self.analyze_with_llm(data_summary)
              ^^^^^^^^^^^^^^^^^^^^^^^^^^^^^^^^^^^
  File "D:\projects\PulseBoard\backend\ai_agents\src\pipelines\data_analysis.py", line 137, in analyze_with_llm
    response = call_llm(
               ^^^^^^^^^
  File "D:\projects\PulseBoard\backend\ai_agents\src\pipelines\../../..\helpers\llm\call_llm.py", line 99, in call_llm
    raise Exception(
Exception: All LLM providers failed. Primary: 'data_analysis_prompt.jinja' not found in search path: 'D:\\projects\\PulseBoard\\backend\\ai_agents\\src\\pipelines\\..\\..\\..\\ai_agents\\prompts', Fallback: 'data_analysis_prompt.jinja' not found in search path: 'D:\\projects\\PulseBoard\\backend\\ai_agents\\src\\pipelines\\..\\..\\..\\ai_agents\\prompts'
2025-10-09 20:46:53 - INFO - [data_analysis.py:230 - cleanup()] - MongoDB connection closed
2025-10-09 20:46:53 - ERROR - [data_analysis.py:285 - main()] - ❌ Analysis failed: All LLM providers failed. Primary: 'data_analysis_prompt.jinja' not found in search path: 'D:\\projects\\PulseBoard\\backend\\ai_agents\\src\\pipelines\\..\\..\\..\\ai_agents\\prompts', Fallback: 'data_analysis_prompt.jinja' not found in search path: 'D:\\projects\\PulseBoard\\backend\\ai_agents\\src\\pipelines\\..\\..\\..\\ai_agents\\prompts'
2025-10-09 20:50:06 - INFO - [data_analysis.py:236 - run()] - ============================================================
2025-10-09 20:50:06 - INFO - [data_analysis.py:237 - run()] - Dataset Analysis for Project: UID001PJ001
2025-10-09 20:50:06 - INFO - [data_analysis.py:238 - run()] - ============================================================
2025-10-09 20:50:06 - INFO - [data_analysis.py:241 - run()] - Step 1: Fetching data from MongoDB...
2025-10-09 20:50:06 - INFO - [data_analysis.py:33 - fetch_data_from_mongodb()] - Connecting to MongoDB for project: UID001PJ001
2025-10-09 20:50:06 - INFO - [data_analysis.py:56 - fetch_data_from_mongodb()] - ✓ Fetched 9668 records from UID001PJ001_data
2025-10-09 20:50:06 - INFO - [data_analysis.py:245 - run()] - 
Step 2: Generating data summary...
2025-10-09 20:50:06 - INFO - [data_analysis.py:65 - get_data_summary()] - Generating data summary...
2025-10-09 20:50:06 - INFO - [data_analysis.py:116 - get_data_summary()] - ✓ Data summary generated
2025-10-09 20:50:06 - INFO - [data_analysis.py:249 - run()] - 
Step 3: Analyzing with LLM...
2025-10-09 20:50:06 - INFO - [data_analysis.py:122 - analyze_with_llm()] - Preparing data for LLM analysis...
2025-10-09 20:50:06 - INFO - [data_analysis.py:134 - analyze_with_llm()] - Calling LLM for dataset analysis...
2025-10-09 20:50:06 - ERROR - [data_analysis.py:161 - analyze_with_llm()] - Error analyzing with LLM: All LLM providers failed. Primary: 'data_analysis_prompt.jinja' not found in search path: 'D:\\projects\\PulseBoard\\backend\\ai_agents\\src\\pipelines\\..\\..\\..\\ai_agents\\prompts', Fallback: 'data_analysis_prompt.jinja' not found in search path: 'D:\\projects\\PulseBoard\\backend\\ai_agents\\src\\pipelines\\..\\..\\..\\ai_agents\\prompts'
Traceback (most recent call last):
  File "D:\projects\PulseBoard\backend\ai_agents\src\pipelines\../../..\helpers\llm\call_llm.py", line 52, in call_llm
    response = _call_llm_with_config(
               ^^^^^^^^^^^^^^^^^^^^^^
  File "D:\projects\PulseBoard\backend\ai_agents\src\pipelines\../../..\helpers\llm\call_llm.py", line 167, in _call_llm_with_config
    formatted_prompt = llm.get_prompt_template(
                       ^^^^^^^^^^^^^^^^^^^^^^^^
  File "D:\projects\PulseBoard\backend\ai_agents\src\pipelines\../../..\helpers\llm\llm_classes.py", line 83, in get_prompt_template
    user_tmpl = self.jinja_env.get_template(user_template)
                ^^^^^^^^^^^^^^^^^^^^^^^^^^^^^^^^^^^^^^^^^^
  File "C:\Users\AKHILESH\AppData\Local\Programs\Python\Python312\Lib\site-packages\jinja2\environment.py", line 1016, in get_template
    return self._load_template(name, globals)
           ^^^^^^^^^^^^^^^^^^^^^^^^^^^^^^^^^^
  File "C:\Users\AKHILESH\AppData\Local\Programs\Python\Python312\Lib\site-packages\jinja2\environment.py", line 975, in _load_template
    template = self.loader.load(self, name, self.make_globals(globals))
               ^^^^^^^^^^^^^^^^^^^^^^^^^^^^^^^^^^^^^^^^^^^^^^^^^^^^^^^^
  File "C:\Users\AKHILESH\AppData\Local\Programs\Python\Python312\Lib\site-packages\jinja2\loaders.py", line 126, in load
    source, filename, uptodate = self.get_source(environment, name)
                                 ^^^^^^^^^^^^^^^^^^^^^^^^^^^^^^^^^^
  File "C:\Users\AKHILESH\AppData\Local\Programs\Python\Python312\Lib\site-packages\jinja2\loaders.py", line 209, in get_source
    raise TemplateNotFound(
jinja2.exceptions.TemplateNotFound: 'data_analysis_prompt.jinja' not found in search path: 'D:\\projects\\PulseBoard\\backend\\ai_agents\\src\\pipelines\\..\\..\\..\\ai_agents\\prompts'

During handling of the above exception, another exception occurred:

Traceback (most recent call last):
  File "D:\projects\PulseBoard\backend\ai_agents\src\pipelines\../../..\helpers\llm\call_llm.py", line 77, in call_llm
    response = _call_llm_with_config(
               ^^^^^^^^^^^^^^^^^^^^^^
  File "D:\projects\PulseBoard\backend\ai_agents\src\pipelines\../../..\helpers\llm\call_llm.py", line 167, in _call_llm_with_config
    formatted_prompt = llm.get_prompt_template(
                       ^^^^^^^^^^^^^^^^^^^^^^^^
  File "D:\projects\PulseBoard\backend\ai_agents\src\pipelines\../../..\helpers\llm\llm_classes.py", line 83, in get_prompt_template
    user_tmpl = self.jinja_env.get_template(user_template)
                ^^^^^^^^^^^^^^^^^^^^^^^^^^^^^^^^^^^^^^^^^^
  File "C:\Users\AKHILESH\AppData\Local\Programs\Python\Python312\Lib\site-packages\jinja2\environment.py", line 1016, in get_template
    return self._load_template(name, globals)
           ^^^^^^^^^^^^^^^^^^^^^^^^^^^^^^^^^^
  File "C:\Users\AKHILESH\AppData\Local\Programs\Python\Python312\Lib\site-packages\jinja2\environment.py", line 975, in _load_template
    template = self.loader.load(self, name, self.make_globals(globals))
               ^^^^^^^^^^^^^^^^^^^^^^^^^^^^^^^^^^^^^^^^^^^^^^^^^^^^^^^^
  File "C:\Users\AKHILESH\AppData\Local\Programs\Python\Python312\Lib\site-packages\jinja2\loaders.py", line 126, in load
    source, filename, uptodate = self.get_source(environment, name)
                                 ^^^^^^^^^^^^^^^^^^^^^^^^^^^^^^^^^^
  File "C:\Users\AKHILESH\AppData\Local\Programs\Python\Python312\Lib\site-packages\jinja2\loaders.py", line 209, in get_source
    raise TemplateNotFound(
jinja2.exceptions.TemplateNotFound: 'data_analysis_prompt.jinja' not found in search path: 'D:\\projects\\PulseBoard\\backend\\ai_agents\\src\\pipelines\\..\\..\\..\\ai_agents\\prompts'

During handling of the above exception, another exception occurred:

Traceback (most recent call last):
  File "D:\projects\PulseBoard\backend\ai_agents\src\pipelines\data_analysis.py", line 138, in analyze_with_llm
    response = call_llm(
               ^^^^^^^^^
  File "D:\projects\PulseBoard\backend\ai_agents\src\pipelines\../../..\helpers\llm\call_llm.py", line 99, in call_llm
    raise Exception(
Exception: All LLM providers failed. Primary: 'data_analysis_prompt.jinja' not found in search path: 'D:\\projects\\PulseBoard\\backend\\ai_agents\\src\\pipelines\\..\\..\\..\\ai_agents\\prompts', Fallback: 'data_analysis_prompt.jinja' not found in search path: 'D:\\projects\\PulseBoard\\backend\\ai_agents\\src\\pipelines\\..\\..\\..\\ai_agents\\prompts'
2025-10-09 20:50:06 - ERROR - [data_analysis.py:263 - run()] - Error during analysis: All LLM providers failed. Primary: 'data_analysis_prompt.jinja' not found in search path: 'D:\\projects\\PulseBoard\\backend\\ai_agents\\src\\pipelines\\..\\..\\..\\ai_agents\\prompts', Fallback: 'data_analysis_prompt.jinja' not found in search path: 'D:\\projects\\PulseBoard\\backend\\ai_agents\\src\\pipelines\\..\\..\\..\\ai_agents\\prompts'
Traceback (most recent call last):
  File "D:\projects\PulseBoard\backend\ai_agents\src\pipelines\../../..\helpers\llm\call_llm.py", line 52, in call_llm
    response = _call_llm_with_config(
               ^^^^^^^^^^^^^^^^^^^^^^
  File "D:\projects\PulseBoard\backend\ai_agents\src\pipelines\../../..\helpers\llm\call_llm.py", line 167, in _call_llm_with_config
    formatted_prompt = llm.get_prompt_template(
                       ^^^^^^^^^^^^^^^^^^^^^^^^
  File "D:\projects\PulseBoard\backend\ai_agents\src\pipelines\../../..\helpers\llm\llm_classes.py", line 83, in get_prompt_template
    user_tmpl = self.jinja_env.get_template(user_template)
                ^^^^^^^^^^^^^^^^^^^^^^^^^^^^^^^^^^^^^^^^^^
  File "C:\Users\AKHILESH\AppData\Local\Programs\Python\Python312\Lib\site-packages\jinja2\environment.py", line 1016, in get_template
    return self._load_template(name, globals)
           ^^^^^^^^^^^^^^^^^^^^^^^^^^^^^^^^^^
  File "C:\Users\AKHILESH\AppData\Local\Programs\Python\Python312\Lib\site-packages\jinja2\environment.py", line 975, in _load_template
    template = self.loader.load(self, name, self.make_globals(globals))
               ^^^^^^^^^^^^^^^^^^^^^^^^^^^^^^^^^^^^^^^^^^^^^^^^^^^^^^^^
  File "C:\Users\AKHILESH\AppData\Local\Programs\Python\Python312\Lib\site-packages\jinja2\loaders.py", line 126, in load
    source, filename, uptodate = self.get_source(environment, name)
                                 ^^^^^^^^^^^^^^^^^^^^^^^^^^^^^^^^^^
  File "C:\Users\AKHILESH\AppData\Local\Programs\Python\Python312\Lib\site-packages\jinja2\loaders.py", line 209, in get_source
    raise TemplateNotFound(
jinja2.exceptions.TemplateNotFound: 'data_analysis_prompt.jinja' not found in search path: 'D:\\projects\\PulseBoard\\backend\\ai_agents\\src\\pipelines\\..\\..\\..\\ai_agents\\prompts'

During handling of the above exception, another exception occurred:

Traceback (most recent call last):
  File "D:\projects\PulseBoard\backend\ai_agents\src\pipelines\../../..\helpers\llm\call_llm.py", line 77, in call_llm
    response = _call_llm_with_config(
               ^^^^^^^^^^^^^^^^^^^^^^
  File "D:\projects\PulseBoard\backend\ai_agents\src\pipelines\../../..\helpers\llm\call_llm.py", line 167, in _call_llm_with_config
    formatted_prompt = llm.get_prompt_template(
                       ^^^^^^^^^^^^^^^^^^^^^^^^
  File "D:\projects\PulseBoard\backend\ai_agents\src\pipelines\../../..\helpers\llm\llm_classes.py", line 83, in get_prompt_template
    user_tmpl = self.jinja_env.get_template(user_template)
                ^^^^^^^^^^^^^^^^^^^^^^^^^^^^^^^^^^^^^^^^^^
  File "C:\Users\AKHILESH\AppData\Local\Programs\Python\Python312\Lib\site-packages\jinja2\environment.py", line 1016, in get_template
    return self._load_template(name, globals)
           ^^^^^^^^^^^^^^^^^^^^^^^^^^^^^^^^^^
  File "C:\Users\AKHILESH\AppData\Local\Programs\Python\Python312\Lib\site-packages\jinja2\environment.py", line 975, in _load_template
    template = self.loader.load(self, name, self.make_globals(globals))
               ^^^^^^^^^^^^^^^^^^^^^^^^^^^^^^^^^^^^^^^^^^^^^^^^^^^^^^^^
  File "C:\Users\AKHILESH\AppData\Local\Programs\Python\Python312\Lib\site-packages\jinja2\loaders.py", line 126, in load
    source, filename, uptodate = self.get_source(environment, name)
                                 ^^^^^^^^^^^^^^^^^^^^^^^^^^^^^^^^^^
  File "C:\Users\AKHILESH\AppData\Local\Programs\Python\Python312\Lib\site-packages\jinja2\loaders.py", line 209, in get_source
    raise TemplateNotFound(
jinja2.exceptions.TemplateNotFound: 'data_analysis_prompt.jinja' not found in search path: 'D:\\projects\\PulseBoard\\backend\\ai_agents\\src\\pipelines\\..\\..\\..\\ai_agents\\prompts'

During handling of the above exception, another exception occurred:

Traceback (most recent call last):
  File "D:\projects\PulseBoard\backend\ai_agents\src\pipelines\data_analysis.py", line 250, in run
    results = self.analyze_with_llm(data_summary)
              ^^^^^^^^^^^^^^^^^^^^^^^^^^^^^^^^^^^
  File "D:\projects\PulseBoard\backend\ai_agents\src\pipelines\data_analysis.py", line 138, in analyze_with_llm
    response = call_llm(
               ^^^^^^^^^
  File "D:\projects\PulseBoard\backend\ai_agents\src\pipelines\../../..\helpers\llm\call_llm.py", line 99, in call_llm
    raise Exception(
Exception: All LLM providers failed. Primary: 'data_analysis_prompt.jinja' not found in search path: 'D:\\projects\\PulseBoard\\backend\\ai_agents\\src\\pipelines\\..\\..\\..\\ai_agents\\prompts', Fallback: 'data_analysis_prompt.jinja' not found in search path: 'D:\\projects\\PulseBoard\\backend\\ai_agents\\src\\pipelines\\..\\..\\..\\ai_agents\\prompts'
2025-10-09 20:50:06 - INFO - [data_analysis.py:231 - cleanup()] - MongoDB connection closed
2025-10-09 20:50:06 - ERROR - [data_analysis.py:286 - main()] - ❌ Analysis failed: All LLM providers failed. Primary: 'data_analysis_prompt.jinja' not found in search path: 'D:\\projects\\PulseBoard\\backend\\ai_agents\\src\\pipelines\\..\\..\\..\\ai_agents\\prompts', Fallback: 'data_analysis_prompt.jinja' not found in search path: 'D:\\projects\\PulseBoard\\backend\\ai_agents\\src\\pipelines\\..\\..\\..\\ai_agents\\prompts'
2025-10-09 20:55:31 - INFO - [data_analysis.py:30 - __init__()] - Template path: D:\projects\PulseBoard\backend\ai_agents\src\prompts\data_analysis_prompt.jinja
2025-10-09 20:55:31 - WARNING - [data_analysis.py:34 - __init__()] - ⚠️ Template not found at: D:\projects\PulseBoard\backend\ai_agents\src\prompts\data_analysis_prompt.jinja
2025-10-09 20:55:31 - INFO - [data_analysis.py:248 - run()] - ============================================================
2025-10-09 20:55:31 - INFO - [data_analysis.py:249 - run()] - Dataset Analysis for Project: UID001PJ001
2025-10-09 20:55:31 - INFO - [data_analysis.py:250 - run()] - ============================================================
2025-10-09 20:55:31 - INFO - [data_analysis.py:253 - run()] - Step 1: Fetching data from MongoDB...
2025-10-09 20:55:31 - INFO - [data_analysis.py:45 - fetch_data_from_mongodb()] - Connecting to MongoDB for project: UID001PJ001
2025-10-09 20:55:31 - INFO - [data_analysis.py:68 - fetch_data_from_mongodb()] - ✓ Fetched 9668 records from UID001PJ001_data
2025-10-09 20:55:31 - INFO - [data_analysis.py:257 - run()] - 
Step 2: Generating data summary...
2025-10-09 20:55:31 - INFO - [data_analysis.py:77 - get_data_summary()] - Generating data summary...
2025-10-09 20:55:31 - INFO - [data_analysis.py:128 - get_data_summary()] - ✓ Data summary generated
2025-10-09 20:55:31 - INFO - [data_analysis.py:261 - run()] - 
Step 3: Analyzing with LLM...
2025-10-09 20:55:31 - INFO - [data_analysis.py:134 - analyze_with_llm()] - Preparing data for LLM analysis...
2025-10-09 20:55:31 - INFO - [data_analysis.py:146 - analyze_with_llm()] - Calling LLM for dataset analysis...
2025-10-09 20:55:31 - INFO - [data_analysis.py:147 - analyze_with_llm()] - Using template: D:\projects\PulseBoard\backend\ai_agents\src\prompts\data_analysis_prompt.jinja
2025-10-09 20:55:32 - ERROR - [data_analysis.py:173 - analyze_with_llm()] - Error analyzing with LLM: All LLM providers failed. Primary: D:\projects\PulseBoard\backend\ai_agents\src\prompts\data_analysis_prompt.jinja, Fallback: D:\projects\PulseBoard\backend\ai_agents\src\prompts\data_analysis_prompt.jinja
Traceback (most recent call last):
  File "D:\projects\PulseBoard\backend\ai_agents\src\pipelines\../../..\helpers\llm\call_llm.py", line 52, in call_llm
    response = _call_llm_with_config(
               ^^^^^^^^^^^^^^^^^^^^^^
  File "D:\projects\PulseBoard\backend\ai_agents\src\pipelines\../../..\helpers\llm\call_llm.py", line 167, in _call_llm_with_config
    formatted_prompt = llm.get_prompt_template(
                       ^^^^^^^^^^^^^^^^^^^^^^^^
  File "D:\projects\PulseBoard\backend\ai_agents\src\pipelines\../../..\helpers\llm\llm_classes.py", line 83, in get_prompt_template
    user_tmpl = self.jinja_env.get_template(user_template)
                ^^^^^^^^^^^^^^^^^^^^^^^^^^^^^^^^^^^^^^^^^^
  File "C:\Users\AKHILESH\AppData\Local\Programs\Python\Python312\Lib\site-packages\jinja2\environment.py", line 1016, in get_template
    return self._load_template(name, globals)
           ^^^^^^^^^^^^^^^^^^^^^^^^^^^^^^^^^^
  File "C:\Users\AKHILESH\AppData\Local\Programs\Python\Python312\Lib\site-packages\jinja2\environment.py", line 975, in _load_template
    template = self.loader.load(self, name, self.make_globals(globals))
               ^^^^^^^^^^^^^^^^^^^^^^^^^^^^^^^^^^^^^^^^^^^^^^^^^^^^^^^^
  File "C:\Users\AKHILESH\AppData\Local\Programs\Python\Python312\Lib\site-packages\jinja2\loaders.py", line 126, in load
    source, filename, uptodate = self.get_source(environment, name)
                                 ^^^^^^^^^^^^^^^^^^^^^^^^^^^^^^^^^^
  File "C:\Users\AKHILESH\AppData\Local\Programs\Python\Python312\Lib\site-packages\jinja2\loaders.py", line 197, in get_source
    pieces = split_template_path(template)
             ^^^^^^^^^^^^^^^^^^^^^^^^^^^^^
  File "C:\Users\AKHILESH\AppData\Local\Programs\Python\Python312\Lib\site-packages\jinja2\loaders.py", line 36, in split_template_path
    raise TemplateNotFound(template)
jinja2.exceptions.TemplateNotFound: D:\projects\PulseBoard\backend\ai_agents\src\prompts\data_analysis_prompt.jinja

During handling of the above exception, another exception occurred:

Traceback (most recent call last):
  File "D:\projects\PulseBoard\backend\ai_agents\src\pipelines\../../..\helpers\llm\call_llm.py", line 77, in call_llm
    response = _call_llm_with_config(
               ^^^^^^^^^^^^^^^^^^^^^^
  File "D:\projects\PulseBoard\backend\ai_agents\src\pipelines\../../..\helpers\llm\call_llm.py", line 167, in _call_llm_with_config
    formatted_prompt = llm.get_prompt_template(
                       ^^^^^^^^^^^^^^^^^^^^^^^^
  File "D:\projects\PulseBoard\backend\ai_agents\src\pipelines\../../..\helpers\llm\llm_classes.py", line 83, in get_prompt_template
    user_tmpl = self.jinja_env.get_template(user_template)
                ^^^^^^^^^^^^^^^^^^^^^^^^^^^^^^^^^^^^^^^^^^
  File "C:\Users\AKHILESH\AppData\Local\Programs\Python\Python312\Lib\site-packages\jinja2\environment.py", line 1016, in get_template
    return self._load_template(name, globals)
           ^^^^^^^^^^^^^^^^^^^^^^^^^^^^^^^^^^
  File "C:\Users\AKHILESH\AppData\Local\Programs\Python\Python312\Lib\site-packages\jinja2\environment.py", line 975, in _load_template
    template = self.loader.load(self, name, self.make_globals(globals))
               ^^^^^^^^^^^^^^^^^^^^^^^^^^^^^^^^^^^^^^^^^^^^^^^^^^^^^^^^
  File "C:\Users\AKHILESH\AppData\Local\Programs\Python\Python312\Lib\site-packages\jinja2\loaders.py", line 126, in load
    source, filename, uptodate = self.get_source(environment, name)
                                 ^^^^^^^^^^^^^^^^^^^^^^^^^^^^^^^^^^
  File "C:\Users\AKHILESH\AppData\Local\Programs\Python\Python312\Lib\site-packages\jinja2\loaders.py", line 197, in get_source
    pieces = split_template_path(template)
             ^^^^^^^^^^^^^^^^^^^^^^^^^^^^^
  File "C:\Users\AKHILESH\AppData\Local\Programs\Python\Python312\Lib\site-packages\jinja2\loaders.py", line 36, in split_template_path
    raise TemplateNotFound(template)
jinja2.exceptions.TemplateNotFound: D:\projects\PulseBoard\backend\ai_agents\src\prompts\data_analysis_prompt.jinja

During handling of the above exception, another exception occurred:

Traceback (most recent call last):
  File "D:\projects\PulseBoard\backend\ai_agents\src\pipelines\data_analysis.py", line 150, in analyze_with_llm
    response = call_llm(
               ^^^^^^^^^
  File "D:\projects\PulseBoard\backend\ai_agents\src\pipelines\../../..\helpers\llm\call_llm.py", line 99, in call_llm
    raise Exception(
Exception: All LLM providers failed. Primary: D:\projects\PulseBoard\backend\ai_agents\src\prompts\data_analysis_prompt.jinja, Fallback: D:\projects\PulseBoard\backend\ai_agents\src\prompts\data_analysis_prompt.jinja
2025-10-09 20:55:32 - ERROR - [data_analysis.py:275 - run()] - Error during analysis: All LLM providers failed. Primary: D:\projects\PulseBoard\backend\ai_agents\src\prompts\data_analysis_prompt.jinja, Fallback: D:\projects\PulseBoard\backend\ai_agents\src\prompts\data_analysis_prompt.jinja
Traceback (most recent call last):
  File "D:\projects\PulseBoard\backend\ai_agents\src\pipelines\../../..\helpers\llm\call_llm.py", line 52, in call_llm
    response = _call_llm_with_config(
               ^^^^^^^^^^^^^^^^^^^^^^
  File "D:\projects\PulseBoard\backend\ai_agents\src\pipelines\../../..\helpers\llm\call_llm.py", line 167, in _call_llm_with_config
    formatted_prompt = llm.get_prompt_template(
                       ^^^^^^^^^^^^^^^^^^^^^^^^
  File "D:\projects\PulseBoard\backend\ai_agents\src\pipelines\../../..\helpers\llm\llm_classes.py", line 83, in get_prompt_template
    user_tmpl = self.jinja_env.get_template(user_template)
                ^^^^^^^^^^^^^^^^^^^^^^^^^^^^^^^^^^^^^^^^^^
  File "C:\Users\AKHILESH\AppData\Local\Programs\Python\Python312\Lib\site-packages\jinja2\environment.py", line 1016, in get_template
    return self._load_template(name, globals)
           ^^^^^^^^^^^^^^^^^^^^^^^^^^^^^^^^^^
  File "C:\Users\AKHILESH\AppData\Local\Programs\Python\Python312\Lib\site-packages\jinja2\environment.py", line 975, in _load_template
    template = self.loader.load(self, name, self.make_globals(globals))
               ^^^^^^^^^^^^^^^^^^^^^^^^^^^^^^^^^^^^^^^^^^^^^^^^^^^^^^^^
  File "C:\Users\AKHILESH\AppData\Local\Programs\Python\Python312\Lib\site-packages\jinja2\loaders.py", line 126, in load
    source, filename, uptodate = self.get_source(environment, name)
                                 ^^^^^^^^^^^^^^^^^^^^^^^^^^^^^^^^^^
  File "C:\Users\AKHILESH\AppData\Local\Programs\Python\Python312\Lib\site-packages\jinja2\loaders.py", line 197, in get_source
    pieces = split_template_path(template)
             ^^^^^^^^^^^^^^^^^^^^^^^^^^^^^
  File "C:\Users\AKHILESH\AppData\Local\Programs\Python\Python312\Lib\site-packages\jinja2\loaders.py", line 36, in split_template_path
    raise TemplateNotFound(template)
jinja2.exceptions.TemplateNotFound: D:\projects\PulseBoard\backend\ai_agents\src\prompts\data_analysis_prompt.jinja

During handling of the above exception, another exception occurred:

Traceback (most recent call last):
  File "D:\projects\PulseBoard\backend\ai_agents\src\pipelines\../../..\helpers\llm\call_llm.py", line 77, in call_llm
    response = _call_llm_with_config(
               ^^^^^^^^^^^^^^^^^^^^^^
  File "D:\projects\PulseBoard\backend\ai_agents\src\pipelines\../../..\helpers\llm\call_llm.py", line 167, in _call_llm_with_config
    formatted_prompt = llm.get_prompt_template(
                       ^^^^^^^^^^^^^^^^^^^^^^^^
  File "D:\projects\PulseBoard\backend\ai_agents\src\pipelines\../../..\helpers\llm\llm_classes.py", line 83, in get_prompt_template
    user_tmpl = self.jinja_env.get_template(user_template)
                ^^^^^^^^^^^^^^^^^^^^^^^^^^^^^^^^^^^^^^^^^^
  File "C:\Users\AKHILESH\AppData\Local\Programs\Python\Python312\Lib\site-packages\jinja2\environment.py", line 1016, in get_template
    return self._load_template(name, globals)
           ^^^^^^^^^^^^^^^^^^^^^^^^^^^^^^^^^^
  File "C:\Users\AKHILESH\AppData\Local\Programs\Python\Python312\Lib\site-packages\jinja2\environment.py", line 975, in _load_template
    template = self.loader.load(self, name, self.make_globals(globals))
               ^^^^^^^^^^^^^^^^^^^^^^^^^^^^^^^^^^^^^^^^^^^^^^^^^^^^^^^^
  File "C:\Users\AKHILESH\AppData\Local\Programs\Python\Python312\Lib\site-packages\jinja2\loaders.py", line 126, in load
    source, filename, uptodate = self.get_source(environment, name)
                                 ^^^^^^^^^^^^^^^^^^^^^^^^^^^^^^^^^^
  File "C:\Users\AKHILESH\AppData\Local\Programs\Python\Python312\Lib\site-packages\jinja2\loaders.py", line 197, in get_source
    pieces = split_template_path(template)
             ^^^^^^^^^^^^^^^^^^^^^^^^^^^^^
  File "C:\Users\AKHILESH\AppData\Local\Programs\Python\Python312\Lib\site-packages\jinja2\loaders.py", line 36, in split_template_path
    raise TemplateNotFound(template)
jinja2.exceptions.TemplateNotFound: D:\projects\PulseBoard\backend\ai_agents\src\prompts\data_analysis_prompt.jinja

During handling of the above exception, another exception occurred:

Traceback (most recent call last):
  File "D:\projects\PulseBoard\backend\ai_agents\src\pipelines\data_analysis.py", line 262, in run
    results = self.analyze_with_llm(data_summary)
              ^^^^^^^^^^^^^^^^^^^^^^^^^^^^^^^^^^^
  File "D:\projects\PulseBoard\backend\ai_agents\src\pipelines\data_analysis.py", line 150, in analyze_with_llm
    response = call_llm(
               ^^^^^^^^^
  File "D:\projects\PulseBoard\backend\ai_agents\src\pipelines\../../..\helpers\llm\call_llm.py", line 99, in call_llm
    raise Exception(
Exception: All LLM providers failed. Primary: D:\projects\PulseBoard\backend\ai_agents\src\prompts\data_analysis_prompt.jinja, Fallback: D:\projects\PulseBoard\backend\ai_agents\src\prompts\data_analysis_prompt.jinja
2025-10-09 20:55:32 - INFO - [data_analysis.py:243 - cleanup()] - MongoDB connection closed
2025-10-09 20:55:32 - ERROR - [data_analysis.py:298 - main()] - ❌ Analysis failed: All LLM providers failed. Primary: D:\projects\PulseBoard\backend\ai_agents\src\prompts\data_analysis_prompt.jinja, Fallback: D:\projects\PulseBoard\backend\ai_agents\src\prompts\data_analysis_prompt.jinja
2025-10-09 20:57:11 - INFO - [data_analysis.py:30 - __init__()] - Template path: D:\projects\PulseBoard\backend\ai_agents\src\prompts\data_analysis_prompt.jinja
2025-10-09 20:57:11 - INFO - [data_analysis.py:248 - run()] - ============================================================
2025-10-09 20:57:11 - INFO - [data_analysis.py:249 - run()] - Dataset Analysis for Project: UID001PJ001
2025-10-09 20:57:11 - INFO - [data_analysis.py:250 - run()] - ============================================================
2025-10-09 20:57:11 - INFO - [data_analysis.py:253 - run()] - Step 1: Fetching data from MongoDB...
2025-10-09 20:57:11 - INFO - [data_analysis.py:45 - fetch_data_from_mongodb()] - Connecting to MongoDB for project: UID001PJ001
2025-10-09 20:57:11 - INFO - [data_analysis.py:68 - fetch_data_from_mongodb()] - ✓ Fetched 9668 records from UID001PJ001_data
2025-10-09 20:57:11 - INFO - [data_analysis.py:257 - run()] - 
Step 2: Generating data summary...
2025-10-09 20:57:11 - INFO - [data_analysis.py:77 - get_data_summary()] - Generating data summary...
2025-10-09 20:57:11 - INFO - [data_analysis.py:128 - get_data_summary()] - ✓ Data summary generated
2025-10-09 20:57:11 - INFO - [data_analysis.py:261 - run()] - 
Step 3: Analyzing with LLM...
2025-10-09 20:57:11 - INFO - [data_analysis.py:134 - analyze_with_llm()] - Preparing data for LLM analysis...
2025-10-09 20:57:11 - INFO - [data_analysis.py:146 - analyze_with_llm()] - Calling LLM for dataset analysis...
2025-10-09 20:57:11 - INFO - [data_analysis.py:147 - analyze_with_llm()] - Using template: D:\projects\PulseBoard\backend\ai_agents\src\prompts\data_analysis_prompt.jinja
2025-10-09 20:57:12 - ERROR - [data_analysis.py:173 - analyze_with_llm()] - Error analyzing with LLM: All LLM providers failed. Primary: D:\projects\PulseBoard\backend\ai_agents\src\prompts\data_analysis_prompt.jinja, Fallback: D:\projects\PulseBoard\backend\ai_agents\src\prompts\data_analysis_prompt.jinja
Traceback (most recent call last):
  File "D:\projects\PulseBoard\backend\ai_agents\src\pipelines\../../..\helpers\llm\call_llm.py", line 52, in call_llm
    response = _call_llm_with_config(
               ^^^^^^^^^^^^^^^^^^^^^^
  File "D:\projects\PulseBoard\backend\ai_agents\src\pipelines\../../..\helpers\llm\call_llm.py", line 167, in _call_llm_with_config
    formatted_prompt = llm.get_prompt_template(
                       ^^^^^^^^^^^^^^^^^^^^^^^^
  File "D:\projects\PulseBoard\backend\ai_agents\src\pipelines\../../..\helpers\llm\llm_classes.py", line 83, in get_prompt_template
    user_tmpl = self.jinja_env.get_template(user_template)
                ^^^^^^^^^^^^^^^^^^^^^^^^^^^^^^^^^^^^^^^^^^
  File "C:\Users\AKHILESH\AppData\Local\Programs\Python\Python312\Lib\site-packages\jinja2\environment.py", line 1016, in get_template
    return self._load_template(name, globals)
           ^^^^^^^^^^^^^^^^^^^^^^^^^^^^^^^^^^
  File "C:\Users\AKHILESH\AppData\Local\Programs\Python\Python312\Lib\site-packages\jinja2\environment.py", line 975, in _load_template
    template = self.loader.load(self, name, self.make_globals(globals))
               ^^^^^^^^^^^^^^^^^^^^^^^^^^^^^^^^^^^^^^^^^^^^^^^^^^^^^^^^
  File "C:\Users\AKHILESH\AppData\Local\Programs\Python\Python312\Lib\site-packages\jinja2\loaders.py", line 126, in load
    source, filename, uptodate = self.get_source(environment, name)
                                 ^^^^^^^^^^^^^^^^^^^^^^^^^^^^^^^^^^
  File "C:\Users\AKHILESH\AppData\Local\Programs\Python\Python312\Lib\site-packages\jinja2\loaders.py", line 197, in get_source
    pieces = split_template_path(template)
             ^^^^^^^^^^^^^^^^^^^^^^^^^^^^^
  File "C:\Users\AKHILESH\AppData\Local\Programs\Python\Python312\Lib\site-packages\jinja2\loaders.py", line 36, in split_template_path
    raise TemplateNotFound(template)
jinja2.exceptions.TemplateNotFound: D:\projects\PulseBoard\backend\ai_agents\src\prompts\data_analysis_prompt.jinja

During handling of the above exception, another exception occurred:

Traceback (most recent call last):
  File "D:\projects\PulseBoard\backend\ai_agents\src\pipelines\../../..\helpers\llm\call_llm.py", line 77, in call_llm
    response = _call_llm_with_config(
               ^^^^^^^^^^^^^^^^^^^^^^
  File "D:\projects\PulseBoard\backend\ai_agents\src\pipelines\../../..\helpers\llm\call_llm.py", line 167, in _call_llm_with_config
    formatted_prompt = llm.get_prompt_template(
                       ^^^^^^^^^^^^^^^^^^^^^^^^
  File "D:\projects\PulseBoard\backend\ai_agents\src\pipelines\../../..\helpers\llm\llm_classes.py", line 83, in get_prompt_template
    user_tmpl = self.jinja_env.get_template(user_template)
                ^^^^^^^^^^^^^^^^^^^^^^^^^^^^^^^^^^^^^^^^^^
  File "C:\Users\AKHILESH\AppData\Local\Programs\Python\Python312\Lib\site-packages\jinja2\environment.py", line 1016, in get_template
    return self._load_template(name, globals)
           ^^^^^^^^^^^^^^^^^^^^^^^^^^^^^^^^^^
  File "C:\Users\AKHILESH\AppData\Local\Programs\Python\Python312\Lib\site-packages\jinja2\environment.py", line 975, in _load_template
    template = self.loader.load(self, name, self.make_globals(globals))
               ^^^^^^^^^^^^^^^^^^^^^^^^^^^^^^^^^^^^^^^^^^^^^^^^^^^^^^^^
  File "C:\Users\AKHILESH\AppData\Local\Programs\Python\Python312\Lib\site-packages\jinja2\loaders.py", line 126, in load
    source, filename, uptodate = self.get_source(environment, name)
                                 ^^^^^^^^^^^^^^^^^^^^^^^^^^^^^^^^^^
  File "C:\Users\AKHILESH\AppData\Local\Programs\Python\Python312\Lib\site-packages\jinja2\loaders.py", line 197, in get_source
    pieces = split_template_path(template)
             ^^^^^^^^^^^^^^^^^^^^^^^^^^^^^
  File "C:\Users\AKHILESH\AppData\Local\Programs\Python\Python312\Lib\site-packages\jinja2\loaders.py", line 36, in split_template_path
    raise TemplateNotFound(template)
jinja2.exceptions.TemplateNotFound: D:\projects\PulseBoard\backend\ai_agents\src\prompts\data_analysis_prompt.jinja

During handling of the above exception, another exception occurred:

Traceback (most recent call last):
  File "D:\projects\PulseBoard\backend\ai_agents\src\pipelines\data_analysis.py", line 150, in analyze_with_llm
    response = call_llm(
               ^^^^^^^^^
  File "D:\projects\PulseBoard\backend\ai_agents\src\pipelines\../../..\helpers\llm\call_llm.py", line 99, in call_llm
    raise Exception(
Exception: All LLM providers failed. Primary: D:\projects\PulseBoard\backend\ai_agents\src\prompts\data_analysis_prompt.jinja, Fallback: D:\projects\PulseBoard\backend\ai_agents\src\prompts\data_analysis_prompt.jinja
2025-10-09 20:57:12 - ERROR - [data_analysis.py:275 - run()] - Error during analysis: All LLM providers failed. Primary: D:\projects\PulseBoard\backend\ai_agents\src\prompts\data_analysis_prompt.jinja, Fallback: D:\projects\PulseBoard\backend\ai_agents\src\prompts\data_analysis_prompt.jinja
Traceback (most recent call last):
  File "D:\projects\PulseBoard\backend\ai_agents\src\pipelines\../../..\helpers\llm\call_llm.py", line 52, in call_llm
    response = _call_llm_with_config(
               ^^^^^^^^^^^^^^^^^^^^^^
  File "D:\projects\PulseBoard\backend\ai_agents\src\pipelines\../../..\helpers\llm\call_llm.py", line 167, in _call_llm_with_config
    formatted_prompt = llm.get_prompt_template(
                       ^^^^^^^^^^^^^^^^^^^^^^^^
  File "D:\projects\PulseBoard\backend\ai_agents\src\pipelines\../../..\helpers\llm\llm_classes.py", line 83, in get_prompt_template
    user_tmpl = self.jinja_env.get_template(user_template)
                ^^^^^^^^^^^^^^^^^^^^^^^^^^^^^^^^^^^^^^^^^^
  File "C:\Users\AKHILESH\AppData\Local\Programs\Python\Python312\Lib\site-packages\jinja2\environment.py", line 1016, in get_template
    return self._load_template(name, globals)
           ^^^^^^^^^^^^^^^^^^^^^^^^^^^^^^^^^^
  File "C:\Users\AKHILESH\AppData\Local\Programs\Python\Python312\Lib\site-packages\jinja2\environment.py", line 975, in _load_template
    template = self.loader.load(self, name, self.make_globals(globals))
               ^^^^^^^^^^^^^^^^^^^^^^^^^^^^^^^^^^^^^^^^^^^^^^^^^^^^^^^^
  File "C:\Users\AKHILESH\AppData\Local\Programs\Python\Python312\Lib\site-packages\jinja2\loaders.py", line 126, in load
    source, filename, uptodate = self.get_source(environment, name)
                                 ^^^^^^^^^^^^^^^^^^^^^^^^^^^^^^^^^^
  File "C:\Users\AKHILESH\AppData\Local\Programs\Python\Python312\Lib\site-packages\jinja2\loaders.py", line 197, in get_source
    pieces = split_template_path(template)
             ^^^^^^^^^^^^^^^^^^^^^^^^^^^^^
  File "C:\Users\AKHILESH\AppData\Local\Programs\Python\Python312\Lib\site-packages\jinja2\loaders.py", line 36, in split_template_path
    raise TemplateNotFound(template)
jinja2.exceptions.TemplateNotFound: D:\projects\PulseBoard\backend\ai_agents\src\prompts\data_analysis_prompt.jinja

During handling of the above exception, another exception occurred:

Traceback (most recent call last):
  File "D:\projects\PulseBoard\backend\ai_agents\src\pipelines\../../..\helpers\llm\call_llm.py", line 77, in call_llm
    response = _call_llm_with_config(
               ^^^^^^^^^^^^^^^^^^^^^^
  File "D:\projects\PulseBoard\backend\ai_agents\src\pipelines\../../..\helpers\llm\call_llm.py", line 167, in _call_llm_with_config
    formatted_prompt = llm.get_prompt_template(
                       ^^^^^^^^^^^^^^^^^^^^^^^^
  File "D:\projects\PulseBoard\backend\ai_agents\src\pipelines\../../..\helpers\llm\llm_classes.py", line 83, in get_prompt_template
    user_tmpl = self.jinja_env.get_template(user_template)
                ^^^^^^^^^^^^^^^^^^^^^^^^^^^^^^^^^^^^^^^^^^
  File "C:\Users\AKHILESH\AppData\Local\Programs\Python\Python312\Lib\site-packages\jinja2\environment.py", line 1016, in get_template
    return self._load_template(name, globals)
           ^^^^^^^^^^^^^^^^^^^^^^^^^^^^^^^^^^
  File "C:\Users\AKHILESH\AppData\Local\Programs\Python\Python312\Lib\site-packages\jinja2\environment.py", line 975, in _load_template
    template = self.loader.load(self, name, self.make_globals(globals))
               ^^^^^^^^^^^^^^^^^^^^^^^^^^^^^^^^^^^^^^^^^^^^^^^^^^^^^^^^
  File "C:\Users\AKHILESH\AppData\Local\Programs\Python\Python312\Lib\site-packages\jinja2\loaders.py", line 126, in load
    source, filename, uptodate = self.get_source(environment, name)
                                 ^^^^^^^^^^^^^^^^^^^^^^^^^^^^^^^^^^
  File "C:\Users\AKHILESH\AppData\Local\Programs\Python\Python312\Lib\site-packages\jinja2\loaders.py", line 197, in get_source
    pieces = split_template_path(template)
             ^^^^^^^^^^^^^^^^^^^^^^^^^^^^^
  File "C:\Users\AKHILESH\AppData\Local\Programs\Python\Python312\Lib\site-packages\jinja2\loaders.py", line 36, in split_template_path
    raise TemplateNotFound(template)
jinja2.exceptions.TemplateNotFound: D:\projects\PulseBoard\backend\ai_agents\src\prompts\data_analysis_prompt.jinja

During handling of the above exception, another exception occurred:

Traceback (most recent call last):
  File "D:\projects\PulseBoard\backend\ai_agents\src\pipelines\data_analysis.py", line 262, in run
    results = self.analyze_with_llm(data_summary)
              ^^^^^^^^^^^^^^^^^^^^^^^^^^^^^^^^^^^
  File "D:\projects\PulseBoard\backend\ai_agents\src\pipelines\data_analysis.py", line 150, in analyze_with_llm
    response = call_llm(
               ^^^^^^^^^
  File "D:\projects\PulseBoard\backend\ai_agents\src\pipelines\../../..\helpers\llm\call_llm.py", line 99, in call_llm
    raise Exception(
Exception: All LLM providers failed. Primary: D:\projects\PulseBoard\backend\ai_agents\src\prompts\data_analysis_prompt.jinja, Fallback: D:\projects\PulseBoard\backend\ai_agents\src\prompts\data_analysis_prompt.jinja
2025-10-09 20:57:12 - INFO - [data_analysis.py:243 - cleanup()] - MongoDB connection closed
2025-10-09 20:57:12 - ERROR - [data_analysis.py:298 - main()] - ❌ Analysis failed: All LLM providers failed. Primary: D:\projects\PulseBoard\backend\ai_agents\src\prompts\data_analysis_prompt.jinja, Fallback: D:\projects\PulseBoard\backend\ai_agents\src\prompts\data_analysis_prompt.jinja
2025-10-09 20:59:30 - INFO - [data_analysis.py:30 - __init__()] - Template path: D:\projects\PulseBoard\backend\ai_agents\src\prompts\data_analysis_prompt.jinja
2025-10-09 20:59:30 - INFO - [data_analysis.py:40 - __init__()] - ✓ Template loaded successfully
2025-10-09 20:59:30 - INFO - [data_analysis.py:266 - run()] - ============================================================
2025-10-09 20:59:30 - INFO - [data_analysis.py:267 - run()] - Dataset Analysis for Project: UID001PJ001
2025-10-09 20:59:30 - INFO - [data_analysis.py:268 - run()] - ============================================================
2025-10-09 20:59:30 - INFO - [data_analysis.py:271 - run()] - Step 1: Fetching data from MongoDB...
2025-10-09 20:59:30 - INFO - [data_analysis.py:51 - fetch_data_from_mongodb()] - Connecting to MongoDB for project: UID001PJ001
2025-10-09 20:59:30 - INFO - [data_analysis.py:74 - fetch_data_from_mongodb()] - ✓ Fetched 9668 records from UID001PJ001_data
2025-10-09 20:59:30 - INFO - [data_analysis.py:275 - run()] - 
Step 2: Generating data summary...
2025-10-09 20:59:30 - INFO - [data_analysis.py:83 - get_data_summary()] - Generating data summary...
2025-10-09 20:59:30 - INFO - [data_analysis.py:134 - get_data_summary()] - ✓ Data summary generated
2025-10-09 20:59:30 - INFO - [data_analysis.py:279 - run()] - 
Step 3: Analyzing with LLM...
2025-10-09 20:59:30 - INFO - [data_analysis.py:148 - analyze_with_llm()] - Preparing data for LLM analysis...
2025-10-09 20:59:30 - INFO - [data_analysis.py:160 - analyze_with_llm()] - Rendering template manually...
2025-10-09 20:59:30 - INFO - [data_analysis.py:164 - analyze_with_llm()] - Prompt length: 16634 characters
2025-10-09 20:59:30 - INFO - [data_analysis.py:165 - analyze_with_llm()] - Calling LLM for dataset analysis...
2025-10-09 21:01:11 - INFO - [data_analysis.py:261 - cleanup()] - MongoDB connection closed
2025-10-09 21:01:37 - INFO - [data_analysis.py:30 - __init__()] - Template path: D:\projects\PulseBoard\backend\ai_agents\src\prompts\data_analysis_prompt.jinja
2025-10-09 21:01:37 - INFO - [data_analysis.py:40 - __init__()] - ✓ Template loaded successfully
2025-10-09 21:01:37 - INFO - [data_analysis.py:266 - run()] - ============================================================
2025-10-09 21:01:37 - INFO - [data_analysis.py:267 - run()] - Dataset Analysis for Project: UID001PJ001
2025-10-09 21:01:37 - INFO - [data_analysis.py:268 - run()] - ============================================================
2025-10-09 21:01:37 - INFO - [data_analysis.py:271 - run()] - Step 1: Fetching data from MongoDB...
2025-10-09 21:01:37 - INFO - [data_analysis.py:51 - fetch_data_from_mongodb()] - Connecting to MongoDB for project: UID001PJ001
2025-10-09 21:01:37 - INFO - [data_analysis.py:74 - fetch_data_from_mongodb()] - ✓ Fetched 9668 records from UID001PJ001_data
2025-10-09 21:01:37 - INFO - [data_analysis.py:275 - run()] - 
Step 2: Generating data summary...
2025-10-09 21:01:37 - INFO - [data_analysis.py:83 - get_data_summary()] - Generating data summary...
2025-10-09 21:01:37 - INFO - [data_analysis.py:134 - get_data_summary()] - ✓ Data summary generated
2025-10-09 21:01:37 - INFO - [data_analysis.py:279 - run()] - 
Step 3: Analyzing with LLM...
2025-10-09 21:01:37 - INFO - [data_analysis.py:148 - analyze_with_llm()] - Preparing data for LLM analysis...
2025-10-09 21:01:37 - INFO - [data_analysis.py:160 - analyze_with_llm()] - Rendering template manually...
2025-10-09 21:01:37 - INFO - [data_analysis.py:164 - analyze_with_llm()] - Prompt length: 16634 characters
2025-10-09 21:01:37 - INFO - [data_analysis.py:165 - analyze_with_llm()] - Calling LLM for dataset analysis...
